{"timestamp": "2026-10-03T13:27:14.082866Z", "level": "INFO", "logger": "app.routing.rules_loader", "request_id": "system", "message": "Successfully validated and sorted 5 rules."}
{"timestamp": "2026-10-03T13:27:14.082866Z", "level": "INFO", "logger": "app.routing.rules_config", "request_id": "system", "message": "RulesConfig loaded 5 rules into memory."}
{"timestamp": "2026-10-03T13:27:14.082866Z", "level": "INFO", "logger": "app.main", "request_id": "system", "message": "Application startup complete."}
{"timestamp": "2026-10-03T13:30:41.220177Z", "level": "WARNING", "logger": "app.core.security", "request_id": "a4790913-b84f-4823-b4bb-9b29815bca4f", "message": "Authentication failed: Invalid or missing API Key"}
{"timestamp": "2026-10-03T13:30:49.135923Z", "level": "WARNING", "logger": "app.core.security", "request_id": "91ff4c93-314f-448e-a8d6-f565e04008d9", "message": "Authentication failed: Invalid or missing API Key"}
{"timestamp": "2026-10-03T13:30:49.898222Z", "level": "WARNING", "logger": "app.core.security", "request_id": "67b100eb-ebeb-4cd2-a025-52078fc5645f", "message": "Authentication failed: Invalid or missing API Key"}
{"timestamp": "2026-10-03T13:30:50.116666Z", "level": "WARNING", "logger": "app.core.security", "request_id": "dadc6cc9-a37f-43ad-a6bb-ff8c42ecdc9a", "message": "Authentication failed: Invalid or missing API Key"}
{"timestamp": "2026-10-03T13:31:23.254068Z", "level": "WARNING", "logger": "app.core.security", "request_id": "4a376071-c419-4deb-981d-4e4fdb00ff79", "message": "Authentication failed: Invalid or missing API Key"}
{"timestamp": "2026-10-03T13:34:49.969234Z", "level": "WARNING", "logger": "app.core.security", "request_id": "6307cd43-9357-4678-be22-79ec76296e6f", "message": "Authentication failed: Invalid or missing API Key"}
{"timestamp": "2026-10-03T13:37:26.095174Z", "level": "INFO", "logger": "app.main", "request_id": "system", "message": "Server shutting down."}
{"timestamp": "2026-10-03T13:37:27.186126Z", "level": "INFO", "logger": "app.routing.rules_loader", "request_id": "system", "message": "Successfully validated and sorted 5 rules."}
{"timestamp": "2026-10-03T13:37:27.186635Z", "level": "INFO", "logger": "app.routing.rules_config", "request_id": "system", "message": "RulesConfig loaded 5 rules into memory."}
{"timestamp": "2026-10-03T13:37:27.186635Z", "level": "INFO", "logger": "app.main", "request_id": "system", "message": "Application startup complete."}
{"timestamp": "2026-10-03T13:37:27.425457Z", "level": "INFO", "logger": "app.main", "request_id": "system", "message": "Server shutting down."}
{"timestamp": "2026-10-03T13:37:28.455218Z", "level": "INFO", "logger": "app.routing.rules_loader", "request_id": "system", "message": "Successfully validated and sorted 5 rules."}
{"timestamp": "2026-10-03T13:37:28.455218Z", "level": "INFO", "logger": "app.routing.rules_config", "request_id": "system", "message": "RulesConfig loaded 5 rules into memory."}
{"timestamp": "2026-10-03T13:37:28.455218Z", "level": "INFO", "logger": "app.main", "request_id": "system", "message": "Application startup complete."}
{"timestamp": "2026-10-03T13:38:45.870162Z", "level": "WARNING", "logger": "app.core.security", "request_id": "0fd0f233-86d2-4b62-8446-7cd87aff64ab", "message": "Authentication failed: Invalid or missing API Key"}
{"timestamp": "2026-10-03T13:39:10.349289Z", "level": "INFO", "logger": "app.main", "request_id": "system", "message": "Server shutting down."}
{"timestamp": "2026-10-03T13:39:41.632826Z", "level": "INFO", "logger": "app.routing.rules_loader", "request_id": "system", "message": "Successfully validated and sorted 5 rules."}
{"timestamp": "2026-10-03T13:39:41.632826Z", "level": "INFO", "logger": "app.routing.rules_config", "request_id": "system", "message": "RulesConfig loaded 5 rules into memory."}
{"timestamp": "2026-10-03T13:39:41.632826Z", "level": "INFO", "logger": "app.main", "request_id": "system", "message": "Application startup complete."}
{"timestamp": "2026-10-03T13:39:53.416722Z", "level": "WARNING", "logger": "app.core.security", "request_id": "bff2111a-e7d7-4255-acd4-19a7a9149505", "message": "Authentication failed: Invalid or missing API Key"}
{"timestamp": "2026-10-03T13:40:16.603491Z", "level": "INFO", "logger": "app.main", "request_id": "system", "message": "Server shutting down."}
{"timestamp": "2026-10-03T13:40:58.268950Z", "level": "INFO", "logger": "app.routing.rules_loader", "request_id": "system", "message": "Successfully validated and sorted 5 rules."}
{"timestamp": "2026-10-03T13:40:58.268950Z", "level": "INFO", "logger": "app.routing.rules_config", "request_id": "system", "message": "RulesConfig loaded 5 rules into memory."}
{"timestamp": "2026-10-03T13:40:58.268950Z", "level": "INFO", "logger": "app.main", "request_id": "system", "message": "Application startup complete."}
{"timestamp": "2026-10-03T13:41:09.979423Z", "level": "WARNING", "logger": "app.core.security", "request_id": "d0dd9a49-227d-4ff5-95b9-30cb8588e53f", "message": "Authentication failed: Invalid or missing API Key"}
{"timestamp": "2026-10-03T13:43:50.067188Z", "level": "INFO", "logger": "app.main", "request_id": "system", "message": "Server shutting down."}
{"timestamp": "2026-10-03T13:43:50.982678Z", "level": "INFO", "logger": "app.routing.rules_loader", "request_id": "system", "message": "Successfully validated and sorted 5 rules."}
{"timestamp": "2026-10-03T13:43:50.982678Z", "level": "INFO", "logger": "app.routing.rules_config", "request_id": "system", "message": "RulesConfig loaded 5 rules into memory."}
{"timestamp": "2026-10-03T13:43:50.982678Z", "level": "INFO", "logger": "app.main", "request_id": "system", "message": "Application startup complete."}
{"timestamp": "2026-10-03T13:44:16.071701Z", "level": "INFO", "logger": "app.main", "request_id": "system", "message": "Server shutting down."}
{"timestamp": "2026-10-03T13:44:17.092247Z", "level": "INFO", "logger": "app.routing.rules_loader", "request_id": "system", "message": "Successfully validated and sorted 5 rules."}
{"timestamp": "2026-10-03T13:44:17.092247Z", "level": "INFO", "logger": "app.routing.rules_config", "request_id": "system", "message": "RulesConfig loaded 5 rules into memory."}
{"timestamp": "2026-10-03T13:44:17.092247Z", "level": "INFO", "logger": "app.main", "request_id": "system", "message": "Application startup complete."}
{"timestamp": "2026-10-03T13:44:17.442180Z", "level": "INFO", "logger": "app.main", "request_id": "system", "message": "Server shutting down."}
{"timestamp": "2026-10-03T13:44:18.374311Z", "level": "INFO", "logger": "app.routing.rules_loader", "request_id": "system", "message": "Successfully validated and sorted 5 rules."}
{"timestamp": "2026-10-03T13:44:18.374311Z", "level": "INFO", "logger": "app.routing.rules_config", "request_id": "system", "message": "RulesConfig loaded 5 rules into memory."}
{"timestamp": "2026-10-03T13:44:18.374311Z", "level": "INFO", "logger": "app.main", "request_id": "system", "message": "Application startup complete."}
{"timestamp": "2026-10-03T13:44:22.410588Z", "level": "INFO", "logger": "app.main", "request_id": "system", "message": "Server shutting down."}
{"timestamp": "2026-10-03T13:44:23.497841Z", "level": "INFO", "logger": "app.routing.rules_loader", "request_id": "system", "message": "Successfully validated and sorted 5 rules."}
{"timestamp": "2026-10-03T13:44:23.497841Z", "level": "INFO", "logger": "app.routing.rules_config", "request_id": "system", "message": "RulesConfig loaded 5 rules into memory."}
{"timestamp": "2026-10-03T13:44:23.497841Z", "level": "INFO", "logger": "app.main", "request_id": "system", "message": "Application startup complete."}
{"timestamp": "2026-10-03T13:44:23.837842Z", "level": "INFO", "logger": "app.main", "request_id": "system", "message": "Server shutting down."}
{"timestamp": "2026-10-03T13:44:24.720951Z", "level": "INFO", "logger": "app.routing.rules_loader", "request_id": "system", "message": "Successfully validated and sorted 5 rules."}
{"timestamp": "2026-10-03T13:44:24.720951Z", "level": "INFO", "logger": "app.routing.rules_config", "request_id": "system", "message": "RulesConfig loaded 5 rules into memory."}
{"timestamp": "2026-10-03T13:44:24.720951Z", "level": "INFO", "logger": "app.main", "request_id": "system", "message": "Application startup complete."}
{"timestamp": "2026-10-03T13:47:29.606472Z", "level": "INFO", "logger": "app.routing.rules_loader", "request_id": "2d5e30fb-0842-4b71-8431-bb46dccaed77", "message": "Successfully validated and sorted 6 rules."}
{"timestamp": "2026-10-03T13:47:29.611371Z", "level": "INFO", "logger": "app.routing.rules_loader", "request_id": "2d5e30fb-0842-4b71-8431-bb46dccaed77", "message": "Successfully validated and sorted 6 rules."}
{"timestamp": "2026-10-03T13:47:29.611371Z", "level": "INFO", "logger": "app.routing.rules_config", "request_id": "2d5e30fb-0842-4b71-8431-bb46dccaed77", "message": "RulesConfig loaded 6 rules into memory."}
{"timestamp": "2026-10-03T13:48:53.767154Z", "level": "INFO", "logger": "app.main", "request_id": "system", "message": "Server shutting down."}
{"timestamp": "2026-10-03T13:48:54.826653Z", "level": "INFO", "logger": "app.routing.rules_loader", "request_id": "system", "message": "Successfully validated and sorted 6 rules."}
{"timestamp": "2026-10-03T13:48:54.826653Z", "level": "INFO", "logger": "app.routing.rules_config", "request_id": "system", "message": "RulesConfig loaded 6 rules into memory."}
{"timestamp": "2026-10-03T13:48:54.826653Z", "level": "INFO", "logger": "app.main", "request_id": "system", "message": "Application startup complete."}
{"timestamp": "2026-10-03T13:55:34.820572Z", "level": "INFO", "logger": "app.routing.rules_loader", "request_id": "2fc9a949-00f0-4e90-9eda-f3dc3e97f1cc", "message": "Successfully validated and sorted 7 rules."}
{"timestamp": "2026-10-03T13:55:34.824290Z", "level": "INFO", "logger": "app.routing.rules_loader", "request_id": "2fc9a949-00f0-4e90-9eda-f3dc3e97f1cc", "message": "Successfully validated and sorted 7 rules."}
{"timestamp": "2026-10-03T13:55:34.824290Z", "level": "INFO", "logger": "app.routing.rules_config", "request_id": "2fc9a949-00f0-4e90-9eda-f3dc3e97f1cc", "message": "RulesConfig loaded 7 rules into memory."}
{"timestamp": "2026-10-03T14:00:23.760853Z", "level": "INFO", "logger": "app.routing.rules_loader", "request_id": "e3767d0d-bb9e-4c49-b935-aa590689e292", "message": "Successfully validated and sorted 6 rules."}
{"timestamp": "2026-10-03T14:00:23.767777Z", "level": "INFO", "logger": "app.routing.rules_loader", "request_id": "e3767d0d-bb9e-4c49-b935-aa590689e292", "message": "Successfully validated and sorted 6 rules."}
{"timestamp": "2026-10-03T14:00:23.767777Z", "level": "INFO", "logger": "app.routing.rules_config", "request_id": "e3767d0d-bb9e-4c49-b935-aa590689e292", "message": "RulesConfig loaded 6 rules into memory."}
{"timestamp": "2026-10-03T14:20:09.578364Z", "level": "INFO", "logger": "app.main", "request_id": "system", "message": "Server shutting down."}
{"timestamp": "2026-10-03T14:20:10.588856Z", "level": "INFO", "logger": "app.routing.rules_loader", "request_id": "system", "message": "Successfully validated and sorted 6 rules."}
{"timestamp": "2026-10-03T14:20:10.588856Z", "level": "INFO", "logger": "app.routing.rules_config", "request_id": "system", "message": "RulesConfig loaded 6 rules into memory."}
{"timestamp": "2026-10-03T14:20:10.588856Z", "level": "INFO", "logger": "app.main", "request_id": "system", "message": "Application startup complete."}
{"timestamp": "2026-10-03T14:20:12.459288Z", "level": "INFO", "logger": "app.main", "request_id": "system", "message": "Server shutting down."}
{"timestamp": "2026-10-03T14:20:16.453849Z", "level": "INFO", "logger": "app.routing.rules_loader", "request_id": "system", "message": "Successfully validated and sorted 6 rules."}
{"timestamp": "2026-10-03T14:20:16.453849Z", "level": "INFO", "logger": "app.routing.rules_config", "request_id": "system", "message": "RulesConfig loaded 6 rules into memory."}
{"timestamp": "2026-10-03T14:20:16.453849Z", "level": "INFO", "logger": "app.main", "request_id": "system", "message": "Application startup complete."}
{"timestamp": "2026-10-03T14:22:32.779321Z", "level": "INFO", "logger": "app.routing.rules_loader", "request_id": "6d65768b-c30b-4337-b2e0-424f95c10da4", "message": "Successfully validated and sorted 5 rules."}
{"timestamp": "2026-10-03T14:22:32.783064Z", "level": "INFO", "logger": "app.routing.rules_loader", "request_id": "6d65768b-c30b-4337-b2e0-424f95c10da4", "message": "Successfully validated and sorted 5 rules."}
{"timestamp": "2026-10-03T14:22:32.784843Z", "level": "INFO", "logger": "app.routing.rules_config", "request_id": "6d65768b-c30b-4337-b2e0-424f95c10da4", "message": "RulesConfig loaded 5 rules into memory."}
